(node:1980) [DEP0176] DeprecationWarning: fs.F_OK is deprecated, use fs.constants.F_OK instead
(Use `node --trace-deprecation ...` to show where the warning was created)
(node:1980) [DEP_WEBPACK_DEV_SERVER_ON_AFTER_SETUP_MIDDLEWARE] DeprecationWarning: 'onAfterSetupMiddleware' option is deprecated. Please use the 'setupMiddlewares' option.
(node:1980) [DEP_WEBPACK_DEV_SERVER_ON_BEFORE_SETUP_MIDDLEWARE] DeprecationWarning: 'onBeforeSetupMiddleware' option is deprecated. Please use the 'setupMiddlewares' option.
(node:1980) [DEP0060] DeprecationWarning: The `util._extend` API is deprecated. Please use Object.assign() instead.
ERROR in src/sessionStream.ts:787:54
TS2322: Type 'string | false' is not assignable to type 'boolean'.
  Type 'string' is not assignable to type 'boolean'.
  [0m [90m 785 |[39m [36mfunction[39m describeResearchOpenPages(payload[33m:[39m [33mStreamPayload[39m)[33m:[39m string [33m|[39m undefined {
   [90m 786 |[39m   [36mconst[39m items [33m=[39m [33mArray[39m[33m.[39misArray(payload[33m.[39mitems)
  [31m[1m>[22m[39m[90m 787 |[39m     [33m?[39m payload[33m.[39mitems[33m.[39mfilter((item)[33m:[39m item is string [33m=>[39m [36mtypeof[39m item [33m===[39m [32m"string"[39m [33m&&[39m item[33m.[39mtrim())
   [90m     |[39m                                                      [31m[1m^[22m[39m[31m[1m^[22m[39m[31m[1m^[22m[39m[31m[1m^[22m[39m[31m[1m^[22m[39m[31m[1m^[22m[39m[31m[1m^[22m[39m[31m[1m^[22m[39m[31m[1m^[22m[39m[31m[1m^[22m[39m[31m[1m^[22m[39m[31m[1m^[22m[39m[31m[1m^[22m[39m[31m[1m^[22m[39m[31m[1m^[22m[39m[31m[1m^[22m[39m[31m[1m^[22m[39m[31m[1m^[22m[39m[31m[1m^[22m[39m[31m[1m^[22m[39m[31m[1m^[22m[39m[31m[1m^[22m[39m[31m[1m^[22m[39m[31m[1m^[22m[39m[31m[1m^[22m[39m[31m[1m^[22m[39m[31m[1m^[22m[39m[31m[1m^[22m[39m[31m[1m^[22m[39m[31m[1m^[22m[39m[31m[1m^[22m[39m[31m[1m^[22m[39m[31m[1m^[22m[39m[31m[1m^[22m[39m[31m[1m^[22m[39m[31m[1m^[22m[39m[31m[1m^[22m[39m[31m[1m^[22m[39m[31m[1m^[22m[39m
   [90m 788 |[39m     [33m:[39m [][33m;[39m
   [90m 789 |[39m   [36mreturn[39m formatResearchDetail([
   [90m 790 |[39m     [36mtypeof[39m payload[33m.[39mpage_count [33m===[39m [32m"number"[39m [33m?[39m [32m`页面数：${payload.page_count}`[39m [33m:[39m undefined[33m,[39m[0m

ERROR in src/sessionStream.ts:787:54
TS2322: Type 'string | false' is not assignable to type 'boolean'.
  Type 'string' is not assignable to type 'boolean'.
  [0m [90m 785 |[39m [36mfunction[39m describeResearchOpenPages(payload[33m:[39m [33mStreamPayload[39m)[33m:[39m string [33m|[39m undefined {
   [90m 786 |[39m   [36mconst[39m items [33m=[39m [33mArray[39m[33m.[39misArray(payload[33m.[39mitems)
  [31m[1m>[22m[39m[90m 787 |[39m     [33m?[39m payload[33m.[39mitems[33m.[39mfilter((item)[33m:[39m item is string [33m=>[39m [36mtypeof[39m item [33m===[39m [32m"string"[39m [33m&&[39m item[33m.[39mtrim())
   [90m     |[39m                                                      [31m[1m^[22m[39m[31m[1m^[22m[39m[31m[1m^[22m[39m[31m[1m^[22m[39m[31m[1m^[22m[39m[31m[1m^[22m[39m[31m[1m^[22m[39m[31m[1m^[22m[39m[31m[1m^[22m[39m[31m[1m^[22m[39m[31m[1m^[22m[39m[31m[1m^[22m[39m[31m[1m^[22m[39m[31m[1m^[22m[39m[31m[1m^[22m[39m[31m[1m^[22m[39m[31m[1m^[22m[39m[31m[1m^[22m[39m[31m[1m^[22m[39m[31m[1m^[22m[39m[31m[1m^[22m[39m[31m[1m^[22m[39m[31m[1m^[22m[39m[31m[1m^[22m[39m[31m[1m^[22m[39m[31m[1m^[22m[39m[31m[1m^[22m[39m[31m[1m^[22m[39m[31m[1m^[22m[39m[31m[1m^[22m[39m[31m[1m^[22m[39m[31m[1m^[22m[39m[31m[1m^[22m[39m[31m[1m^[22m[39m[31m[1m^[22m[39m[31m[1m^[22m[39m[31m[1m^[22m[39m[31m[1m^[22m[39m[31m[1m^[22m[39m
   [90m 788 |[39m     [33m:[39m [][33m;[39m
   [90m 789 |[39m   [36mreturn[39m formatResearchDetail([
   [90m 790 |[39m     [36mtypeof[39m payload[33m.[39mpage_count [33m===[39m [32m"number"[39m [33m?[39m [32m`页面数：${payload.page_count}`[39m [33m:[39m undefined[33m,[39m[0m

ERROR in src/App.tsx:3404:5
TS2552: Cannot find name 'setExpandedExecutionMessageIds'. Did you mean 'setExpandedExecutionKeys'?
  [0m [90m 3402 |[39m   useEffect(() [33m=>[39m {
   [90m 3403 |[39m     autoScrollPinnedRef[33m.[39mcurrent [33m=[39m [36mtrue[39m[33m;[39m
  [31m[1m>[22m[39m[90m 3404 |[39m     setExpandedExecutionMessageIds([])[33m;[39m
   [90m      |[39m     [31m[1m^[22m[39m[31m[1m^[22m[39m[31m[1m^[22m[39m[31m[1m^[22m[39m[31m[1m^[22m[39m[31m[1m^[22m[39m[31m[1m^[22m[39m[31m[1m^[22m[39m[31m[1m^[22m[39m[31m[1m^[22m[39m[31m[1m^[22m[39m[31m[1m^[22m[39m[31m[1m^[22m[39m[31m[1m^[22m[39m[31m[1m^[22m[39m[31m[1m^[22m[39m[31m[1m^[22m[39m[31m[1m^[22m[39m[31m[1m^[22m[39m[31m[1m^[22m[39m[31m[1m^[22m[39m[31m[1m^[22m[39m[31m[1m^[22m[39m[31m[1m^[22m[39m[31m[1m^[22m[39m[31m[1m^[22m[39m[31m[1m^[22m[39m[31m[1m^[22m[39m[31m[1m^[22m[39m[31m[1m^[22m[39m
   [90m 3405 |[39m   }[33m,[39m [session[33m?[39m[33m.[39mid])[33m;[39m
   [90m 3406 |[39m
   [90m 3407 |[39m   useEffect(() [33m=>[39m {[0m

ERROR in src/App.tsx:3404:5
TS2552: Cannot find name 'setExpandedExecutionMessageIds'. Did you mean 'setExpandedExecutionKeys'?
  [0m [90m 3402 |[39m   useEffect(() [33m=>[39m {
   [90m 3403 |[39m     autoScrollPinnedRef[33m.[39mcurrent [33m=[39m [36mtrue[39m[33m;[39m
  [31m[1m>[22m[39m[90m 3404 |[39m     setExpandedExecutionMessageIds([])[33m;[39m
   [90m      |[39m     [31m[1m^[22m[39m[31m[1m^[22m[39m[31m[1m^[22m[39m[31m[1m^[22m[39m[31m[1m^[22m[39m[31m[1m^[22m[39m[31m[1m^[22m[39m[31m[1m^[22m[39m[31m[1m^[22m[39m[31m[1m^[22m[39m[31m[1m^[22m[39m[31m[1m^[22m[39m[31m[1m^[22m[39m[31m[1m^[22m[39m[31m[1m^[22m[39m[31m[1m^[22m[39m[31m[1m^[22m[39m[31m[1m^[22m[39m[31m[1m^[22m[39m[31m[1m^[22m[39m[31m[1m^[22m[39m[31m[1m^[22m[39m[31m[1m^[22m[39m[31m[1m^[22m[39m[31m[1m^[22m[39m[31m[1m^[22m[39m[31m[1m^[22m[39m[31m[1m^[22m[39m[31m[1m^[22m[39m[31m[1m^[22m[39m
   [90m 3405 |[39m   }[33m,[39m [session[33m?[39m[33m.[39mid])[33m;[39m
   [90m 3406 |[39m
   [90m 3407 |[39m   useEffect(() [33m=>[39m {[0m

ERROR in src/App.tsx:3296:29
TS2304: Cannot find name 'summarizeRunSidebar'.
  [0m [90m 3294 |[39m       [33m?[39m mentionCandidates[[33mMath[39m[33m.[39mmin(mentionIndex[33m,[39m mentionCandidates[33m.[39mlength [33m-[39m [35m1[39m)]
   [90m 3295 |[39m       [33m:[39m [36mnull[39m[33m;[39m
  [31m[1m>[22m[39m[90m 3296 |[39m   [36mconst[39m runSidebarSummary [33m=[39m summarizeRunSidebar(executionEvents)[33m;[39m
   [90m      |[39m                             [31m[1m^[22m[39m[31m[1m^[22m[39m[31m[1m^[22m[39m[31m[1m^[22m[39m[31m[1m^[22m[39m[31m[1m^[22m[39m[31m[1m^[22m[39m[31m[1m^[22m[39m[31m[1m^[22m[39m[31m[1m^[22m[39m[31m[1m^[22m[39m[31m[1m^[22m[39m[31m[1m^[22m[39m[31m[1m^[22m[39m[31m[1m^[22m[39m[31m[1m^[22m[39m[31m[1m^[22m[39m[31m[1m^[22m[39m[31m[1m^[22m[39m
   [90m 3297 |[39m   [36mconst[39m emptyMessage [33m=[39m
   [90m 3298 |[39m     session[33m?[39m[33m.[39mmode [33m===[39m [32m"code_workspace"[39m
   [90m 3299 |[39m       [33m?[39m [32m"点击\"▶ 继续执行\"或发送带 @alias 的任务，模型会按工作区上下文流式输出。"[39m[0m

ERROR in src/App.tsx:3867:53
TS7006: Parameter 'item' implicitly has an 'any' type.
  [0m [90m 3865 |[39m                   {runSidebarSummary[33m.[39mfiles[33m.[39mlength [33m>[39m [35m0[39m [33m?[39m (
   [90m 3866 |[39m                     [33m<[39m[33mdiv[39m className[33m=[39m[32m"task-sidebar-list"[39m[33m>[39m
  [31m[1m>[22m[39m[90m 3867 |[39m                       {runSidebarSummary[33m.[39mfiles[33m.[39mmap((item) [33m=>[39m [33m<[39m[33mspan[39m key[33m=[39m{item} className[33m=[39m[32m"workspace-path"[39m[33m>[39m{item}[33m<[39m[33m/[39m[33mspan[39m[33m>[39m)}
   [90m      |[39m                                                     [31m[1m^[22m[39m[31m[1m^[22m[39m[31m[1m^[22m[39m[31m[1m^[22m[39m
   [90m 3868 |[39m                     [33m<[39m[33m/[39m[33mdiv[39m[33m>[39m
   [90m 3869 |[39m                   ) [33m:[39m (
   [90m 3870 |[39m                     [33m<[39m[33mp[39m[33m>[39m等待文件访问记录[33m<[39m[33m/[39m[33mp[39m[33m>[39m[0m

ERROR in src/App.tsx:3877:56
TS7006: Parameter 'item' implicitly has an 'any' type.
  [0m [90m 3875 |[39m                   {runSidebarSummary[33m.[39mcommands[33m.[39mlength [33m>[39m [35m0[39m [33m?[39m (
   [90m 3876 |[39m                     [33m<[39m[33mdiv[39m className[33m=[39m[32m"task-sidebar-list"[39m[33m>[39m
  [31m[1m>[22m[39m[90m 3877 |[39m                       {runSidebarSummary[33m.[39mcommands[33m.[39mmap((item) [33m=>[39m (
   [90m      |[39m                                                        [31m[1m^[22m[39m[31m[1m^[22m[39m[31m[1m^[22m[39m[31m[1m^[22m[39m
   [90m 3878 |[39m                         [33m<[39m[33mdiv[39m key[33m=[39m{item} className[33m=[39m[32m"task-sidebar-command-item"[39m[33m>[39m
   [90m 3879 |[39m                           [33m<[39m[33mspan[39m className[33m=[39m[32m"task-sidebar-command-label"[39m[33m>[39m[33mShell[39m[33m<[39m[33m/[39m[33mspan[39m[33m>[39m
   [90m 3880 |[39m                           [33m<[39m[33mpre[39m className[33m=[39m[32m"task-sidebar-command-code"[39m[33m>[39m{item}[33m<[39m[33m/[39m[33mpre[39m[33m>[39m[0m

ERROR in src/App.tsx:3900:54
TS7006: Parameter 'item' implicitly has an 'any' type.
  [0m [90m 3898 |[39m                 {runSidebarSummary[33m.[39mblockers[33m.[39mlength [33m>[39m [35m0[39m [33m?[39m (
   [90m 3899 |[39m                   [33m<[39m[33mdiv[39m className[33m=[39m[32m"task-sidebar-list"[39m[33m>[39m
  [31m[1m>[22m[39m[90m 3900 |[39m                     {runSidebarSummary[33m.[39mblockers[33m.[39mmap((item[33m,[39m index) [33m=>[39m [33m<[39m[33mp[39m key[33m=[39m{[32m`blocker-${index}`[39m}[33m>[39m{item}[33m<[39m[33m/[39m[33mp[39m[33m>[39m)}
   [90m      |[39m                                                      [31m[1m^[22m[39m[31m[1m^[22m[39m[31m[1m^[22m[39m[31m[1m^[22m[39m
   [90m 3901 |[39m                   [33m<[39m[33m/[39m[33mdiv[39m[33m>[39m
   [90m 3902 |[39m                 ) [33m:[39m (
   [90m 3903 |[39m                   [33m<[39m[33mp[39m[33m>[39m当前没有阻塞项。[33m<[39m[33m/[39m[33mp[39m[33m>[39m[0m

ERROR in src/App.tsx:3900:60
TS7006: Parameter 'index' implicitly has an 'any' type.
  [0m [90m 3898 |[39m                 {runSidebarSummary[33m.[39mblockers[33m.[39mlength [33m>[39m [35m0[39m [33m?[39m (
   [90m 3899 |[39m                   [33m<[39m[33mdiv[39m className[33m=[39m[32m"task-sidebar-list"[39m[33m>[39m
  [31m[1m>[22m[39m[90m 3900 |[39m                     {runSidebarSummary[33m.[39mblockers[33m.[39mmap((item[33m,[39m index) [33m=>[39m [33m<[39m[33mp[39m key[33m=[39m{[32m`blocker-${index}`[39m}[33m>[39m{item}[33m<[39m[33m/[39m[33mp[39m[33m>[39m)}
   [90m      |[39m                                                            [31m[1m^[22m[39m[31m[1m^[22m[39m[31m[1m^[22m[39m[31m[1m^[22m[39m[31m[1m^[22m[39m
   [90m 3901 |[39m                   [33m<[39m[33m/[39m[33mdiv[39m[33m>[39m
   [90m 3902 |[39m                 ) [33m:[39m (
   [90m 3903 |[39m                   [33m<[39m[33mp[39m[33m>[39m当前没有阻塞项。[33m<[39m[33m/[39m[33mp[39m[33m>[39m[0m

